[0502/023625.131:INFO:CONSOLE:1] "Uncaught Error: Minified React error #418; visit https://react.dev/errors/418?args[]=text&args[]= for the full message or use the non-minified dev environment for full errors and additional helpful warnings.", source: https://kakuyomu.jp/_next/static/chunks/framework-246bfdc995650346.js (1)
[0502/023625.150:INFO:CONSOLE:28] "[ND-Bridge] GM stubs loaded", source: https://kakuyomu.jp/_next/static/chunks/pages/_app-df7eb0b5610eb831.js (28)
[0502/023625.231:INFO:CONSOLE:28] "[Init] Bridge mode — skipping UI init, getRule exposed.", source: https://kakuyomu.jp/_next/static/chunks/pages/_app-df7eb0b5610eb831.js (28)
[0502/023625.277:INFO:CONSOLE:28] "[ND-Bridge] bridge.js loaded", source: https://kakuyomu.jp/_next/static/chunks/pages/_app-df7eb0b5610eb831.js (28)
[0502/023629.413:INFO:CONSOLE:1] "Uncaught Error: Minified React error #418; visit https://react.dev/errors/418?args[]=text&args[]= for the full message or use the non-minified dev environment for full errors and additional helpful warnings.", source: https://kakuyomu.jp/_next/static/chunks/framework-246bfdc995650346.js (1)
[0502/023629.432:INFO:CONSOLE:28] "[ND-Bridge] GM stubs loaded", source: https://kakuyomu.jp/_next/static/chunks/pages/_app-df7eb0b5610eb831.js (28)
[0502/023629.511:INFO:CONSOLE:28] "[Init] Bridge mode — skipping UI init, getRule exposed.", source: https://kakuyomu.jp/_next/static/chunks/pages/_app-df7eb0b5610eb831.js (28)
[0502/023629.515:INFO:CONSOLE:28] "[ND-Bridge] bridge.js loaded", source: https://kakuyomu.jp/_next/static/chunks/pages/_app-df7eb0b5610eb831.js (28)
[0502/023629.690:INFO:CONSOLE:13] "Uncaught (in promise) Error: response is not ok", source: https://js.ad-stir.com/js/hb/v2/adstirhbd.js (13)
[0502/023629.691:INFO:CONSOLE:13] "Uncaught (in promise) Error: response is not ok", source: https://js.ad-stir.com/js/hb/v2/adstirhbd.js (13)
[0502/023629.718:INFO:CONSOLE:13] "Uncaught (in promise) Error: response is not ok", source: https://js.ad-stir.com/js/hb/v2/adstirhbd.js (13)
[0502/023629.721:INFO:CONSOLE:13] "Uncaught (in promise) Error: response is not ok", source: https://js.ad-stir.com/js/hb/v2/adstirhbd.js (13)
[0502/023629.721:INFO:CONSOLE:13] "Uncaught (in promise) Error: response is not ok", source: https://js.ad-stir.com/js/hb/v2/adstirhbd.js (13)
[0502/023630.014:INFO:CONSOLE:1] "Uncaught Error: Minified React error #418; visit https://react.dev/errors/418?args[]=text&args[]= for the full message or use the non-minified dev environment for full errors and additional helpful warnings.", source: https://kakuyomu.jp/_next/static/chunks/framework-246bfdc995650346.js (1)
[0502/023630.035:INFO:CONSOLE:28] "[ND-Bridge] GM stubs loaded", source: https://kakuyomu.jp/_next/static/chunks/pages/_app-df7eb0b5610eb831.js (28)
[0502/023630.085:INFO:CONSOLE:0] "An iframe which has both allow-scripts and allow-same-origin for its sandbox attribute can escape its sandboxing.", source: https://gum.criteo.com/syncframe?origin=criteoPrebidAdapter&topUrl=kakuyomu.jp&gpp=#{%22cw%22:true,%22lsw%22:true,%22origin%22:%22criteoPrebidAdapter%22,%22requestId%22:%220.6405882298967265%22,%22tld%22:%22kakuyomu.jp%22,%22topUrl%22:%22kakuyomu.jp%22,%22version%22:%2210_23_0%22} (0)
[0502/023630.116:INFO:CONSOLE:28] "[Init] Bridge mode — skipping UI init, getRule exposed.", source: https://kakuyomu.jp/_next/static/chunks/pages/_app-df7eb0b5610eb831.js (28)
[0502/023630.120:INFO:CONSOLE:28] "[ND-Bridge] bridge.js loaded", source: https://kakuyomu.jp/_next/static/chunks/pages/_app-df7eb0b5610eb831.js (28)
[0502/023630.376:INFO:CONSOLE:0] "An iframe which has both allow-scripts and allow-same-origin for its sandbox attribute can escape its sandboxing.", source: https://ads.pubmatic.com/AdServer/js/user_sync.html?kdntuid=1&p=158509 (0)
[0502/023630.529:INFO:CONSOLE:0] "An iframe which has both allow-scripts and allow-same-origin for its sandbox attribute can escape its sandboxing.", source: https://acdn.adnxs.com/dmp/async_usersync.html (0)
[0502/023630.601:INFO:CONSOLE:1] "Uncaught Error: Minified React error #418; visit https://react.dev/errors/418?args[]=text&args[]= for the full message or use the non-minified dev environment for full errors and additional helpful warnings.", source: https://kakuyomu.jp/_next/static/chunks/framework-246bfdc995650346.js (1)
[0502/023630.605:INFO:CONSOLE:0] "An iframe which has both allow-scripts and allow-same-origin for its sandbox attribute can escape its sandboxing.", source: https://kadokawa-d.openx.net/w/1.0/pd?cc=1 (0)
[0502/023630.621:INFO:CONSOLE:28] "[ND-Bridge] GM stubs loaded", source: https://kakuyomu.jp/_next/static/chunks/pages/_app-df7eb0b5610eb831.js (28)
[0502/023630.698:INFO:CONSOLE:28] "[Init] Bridge mode — skipping UI init, getRule exposed.", source: https://kakuyomu.jp/_next/static/chunks/pages/_app-df7eb0b5610eb831.js (28)
[0502/023630.700:INFO:CONSOLE:28] "[ND-Bridge] bridge.js loaded", source: https://kakuyomu.jp/_next/static/chunks/pages/_app-df7eb0b5610eb831.js (28)
[0502/023631.651:INFO:CONSOLE:13] "Uncaught (in promise) Error: response is not ok", source: https://js.ad-stir.com/js/hb/v2/adstirhbd.js (13)
[0502/023631.658:INFO:CONSOLE:13] "Uncaught (in promise) Error: response is not ok", source: https://js.ad-stir.com/js/hb/v2/adstirhbd.js (13)
[0502/023631.671:INFO:CONSOLE:0] "An iframe which has both allow-scripts and allow-same-origin for its sandbox attribute can escape its sandboxing.", source: https://penta.a.one.impact-ad.jp/psm/1.0/actualizar (0)
[0502/023631.697:INFO:CONSOLE:13] "Uncaught (in promise) Error: response is not ok", source: https://js.ad-stir.com/js/hb/v2/adstirhbd.js (13)
[0502/023631.942:INFO:CONSOLE:13] "Uncaught (in promise) Error: response is not ok", source: https://js.ad-stir.com/js/hb/v2/adstirhbd.js (13)
[0502/023632.295:INFO:CONSOLE:13] "Uncaught (in promise) Error: response is not ok", source: https://js.ad-stir.com/js/hb/v2/adstirhbd.js (13)
[0502/023632.614:INFO:CONSOLE:13] "Uncaught (in promise) Error: response is not ok", source: https://js.ad-stir.com/js/hb/v2/adstirhbd.js (13)
[0502/023632.721:INFO:CONSOLE:13] "Uncaught (in promise) Error: response is not ok", source: https://js.ad-stir.com/js/hb/v2/adstirhbd.js (13)
[0502/023632.741:INFO:CONSOLE:13] "Uncaught (in promise) Error: response is not ok", source: https://js.ad-stir.com/js/hb/v2/adstirhbd.js (13)
[0502/023632.858:INFO:CONSOLE:13] "Uncaught (in promise) Error: response is not ok", source: https://js.ad-stir.com/js/hb/v2/adstirhbd.js (13)
[0502/023632.971:INFO:CONSOLE:13] "Uncaught (in promise) Error: response is not ok", source: https://js.ad-stir.com/js/hb/v2/adstirhbd.js (13)
[0502/023632.976:INFO:CONSOLE:13] "Uncaught (in promise) Error: response is not ok", source: https://js.ad-stir.com/js/hb/v2/adstirhbd.js (13)
[0502/023633.000:INFO:CONSOLE:13] "Uncaught (in promise) Error: response is not ok", source: https://js.ad-stir.com/js/hb/v2/adstirhbd.js (13)
[0502/023633.362:INFO:CONSOLE:13] "Uncaught (in promise) Error: response is not ok", source: https://js.ad-stir.com/js/hb/v2/adstirhbd.js (13)
[0502/023633.454:INFO:CONSOLE:0] "An iframe which has both allow-scripts and allow-same-origin for its sandbox attribute can escape its sandboxing.", source: https://acdn.adnxs.com/dmp/async_usersync.html (0)
[0502/023633.456:INFO:CONSOLE:0] "An iframe which has both allow-scripts and allow-same-origin for its sandbox attribute can escape its sandboxing.", source: https://ads.pubmatic.com/AdServer/js/user_sync.html?kdntuid=1&p=158509 (0)
[0502/023633.633:INFO:CONSOLE:0] "An iframe which has both allow-scripts and allow-same-origin for its sandbox attribute can escape its sandboxing.", source: https://gum.criteo.com/syncframe?origin=criteoPrebidAdapter&topUrl=kakuyomu.jp&gpp=#{%22bundle%22:%22w9g1JV90blpwQ0hOWTJQdHJmNm43V2F4SjVXT1VHeWVGWldrUW8yNWFIMWhzR2R1JTJCRUVPUVU5VnB3Mk9naDJnUWlRWlN0cXkzZGE0TnpMb3FnUkxjN1VsR0Z1UllzeDRsYkFCYVpDT2NFcTZOVzZJOHF3VFhueFNGZ0Q2bld5cWVjYXhv%22,%22cw%22:true,%22lsw%22:true,%22origin%22:%22criteoPrebidAdapter%22,%22requestId%22:%220.19296343964444573%22,%22tld%22:%22kakuyomu.jp%22,%22topUrl%22:%22kakuyomu.jp%22,%22version%22:%2210_23_0%22} (0)
[0502/023633.644:INFO:CONSOLE:0] "An iframe which has both allow-scripts and allow-same-origin for its sandbox attribute can escape its sandboxing.", source: https://kadokawa-d.openx.net/w/1.0/pd (0)
[0502/023633.953:INFO:CONSOLE:0] "An iframe which has both allow-scripts and allow-same-origin for its sandbox attribute can escape its sandboxing.", source: https://ads.pubmatic.com/AdServer/js/user_sync.html?kdntuid=1&p=158509 (0)
[0502/023633.953:INFO:CONSOLE:0] "An iframe which has both allow-scripts and allow-same-origin for its sandbox attribute can escape its sandboxing.", source: https://acdn.adnxs.com/dmp/async_usersync.html (0)
[0502/023634.134:INFO:CONSOLE:0] "An iframe which has both allow-scripts and allow-same-origin for its sandbox attribute can escape its sandboxing.", source: https://gum.criteo.com/syncframe?origin=criteoPrebidAdapter&topUrl=kakuyomu.jp&gpp=#{%22bundle%22:%22w9g1JV90blpwQ0hOWTJQdHJmNm43V2F4SjVXT1VHeWVGWldrUW8yNWFIMWhzR2R1JTJCRUVPUVU5VnB3Mk9naDJnUWlRWlN0cXkzZGE0TnpMb3FnUkxjN1VsR0Z1UllzeDRsYkFCYVpDT2NFcTZOVzZJOHF3VFhueFNGZ0Q2bld5cWVjYXhv%22,%22cw%22:true,%22lsw%22:true,%22origin%22:%22criteoPrebidAdapter%22,%22requestId%22:%220.18192997580475334%22,%22tld%22:%22kakuyomu.jp%22,%22topUrl%22:%22kakuyomu.jp%22,%22version%22:%2210_23_0%22} (0)
[0502/023634.156:INFO:CONSOLE:0] "An iframe which has both allow-scripts and allow-same-origin for its sandbox attribute can escape its sandboxing.", source: https://kadokawa-d.openx.net/w/1.0/pd (0)
[0502/023634.208:INFO:CONSOLE:0] "An iframe which has both allow-scripts and allow-same-origin for its sandbox attribute can escape its sandboxing.", source: https://penta.a.one.impact-ad.jp/psm/1.0/actualizar (0)
[0502/023634.708:INFO:CONSOLE:0] "An iframe which has both allow-scripts and allow-same-origin for its sandbox attribute can escape its sandboxing.", source: https://penta.a.one.impact-ad.jp/psm/1.0/actualizar (0)
[0502/023634.931:INFO:CONSOLE:0] "An iframe which has both allow-scripts and allow-same-origin for its sandbox attribute can escape its sandboxing.", source: https://ads.pubmatic.com/AdServer/js/user_sync.html?kdntuid=1&p=158509 (0)
[0502/023634.934:INFO:CONSOLE:0] "An iframe which has both allow-scripts and allow-same-origin for its sandbox attribute can escape its sandboxing.", source: https://acdn.adnxs.com/dmp/async_usersync.html (0)
[0502/023635.112:INFO:CONSOLE:0] "An iframe which has both allow-scripts and allow-same-origin for its sandbox attribute can escape its sandboxing.", source: https://y.one.impact-ad.jp/push_sync (0)
[0502/023635.128:INFO:CONSOLE:0] "An iframe which has both allow-scripts and allow-same-origin for its sandbox attribute can escape its sandboxing.", source: https://gum.criteo.com/syncframe?origin=criteoPrebidAdapter&topUrl=kakuyomu.jp&gpp=#{%22bundle%22:%22LlnrPF90blpwQ0hOWTJQdHJmNm43V2F4SjVmZkJ0TVVHTUlrQ0NsYXQ2aFlMTzJST3dNeDZWR3RKejlGNUVOWk1nYjRIMWJVOGpTSVQlMkZnTWZTcVMyVkRXSzFvN2xPRWxscGl1Mzhjemh3d1lvWndueWxXRngwaWdmcWRvbEVUTlVNckl5MXdaUWl3Rzg0dlRXTHJSYjVxYzhMUSUzRCUzRA%22,%22cw%22:true,%22lsw%22:true,%22origin%22:%22criteoPrebidAdapter%22,%22requestId%22:%220.24462001451562077%22,%22tld%22:%22kakuyomu.jp%22,%22topUrl%22:%22kakuyomu.jp%22,%22version%22:%2210_23_0%22} (0)
[0502/023635.129:INFO:CONSOLE:0] "An iframe which has both allow-scripts and allow-same-origin for its sandbox attribute can escape its sandboxing.", source: https://kadokawa-d.openx.net/w/1.0/pd (0)
